Last login: Sun Jan 24 22:20:25 on ttys000
emily@Emilys-MacBook-Pro ~ % cd desktop/git
cd: no such file or directory: desktop/git
emily@Emilys-MacBook-Pro ~ % $ git status
zsh: command not found: $
emily@Emilys-MacBook-Pro ~ % .gitignore
zsh: command not found: .gitignore
emily@Emilys-MacBook-Pro ~ % create .gitignore
zsh: command not found: create
emily@Emilys-MacBook-Pro ~ % touch .gitignore
emily@Emilys-MacBook-Pro ~ % add .gitignore
zsh: command not found: add
emily@Emilys-MacBook-Pro ~ % cd github
cd: no such file or directory: github
emily@Emilys-MacBook-Pro ~ % touch .gitignore
emily@Emilys-MacBook-Pro ~ % touch .gitignore
emily@Emilys-MacBook-Pro ~ % vim .gitignore







git ignore file
rules rules rules
~                                                                               
~                                                                               
~                                                                               
~                                                                               
~                                                                               
~                                                                               
~                                                                               
~                                                                               
~                                                                               
~                                                                               
~                                                                               
~                                                                               
~                                                                               
~                                                                               
~                                                                               
~                                                                               
~                                                                               
~                                                                               
~                                                                               
~                                                                               
~                                                                               
-- INSERT -- 
